// Jest Snapshot v1, https://goo.gl/fbAQLP

exports[`Pruebas en <AppRouter/> Debe de mostrar el login en caso de no estar autenticado 1`] = `
<div>
  <div
    class="container login-container"
  >
    <div
      class="row"
    >
      <div
        class="col-md-6 login-form-1"
      >
        <h3>
          Ingreso
        </h3>
        <form>
          <div
            class="form-group mb-2"
          >
            <input
              autocomplete="email"
              class="form-control"
              name="loginEmail"
              placeholder="Correo"
              type="text"
              value=""
            />
          </div>
          <div
            class="form-group mb-2"
          >
            <input
              autocomplete="current-password"
              class="form-control"
              name="loginPassword"
              placeholder="Contraseña"
              type="password"
              value=""
            />
          </div>
          <div
            class="d-grid gap-2"
          >
            <button
              class="MuiButtonBase-root MuiButton-root MuiLoadingButton-root MuiButton-contained MuiButton-containedPrimary MuiButton-sizeMedium MuiButton-containedSizeMedium MuiButton-colorPrimary MuiButton-root MuiLoadingButton-root MuiButton-contained MuiButton-containedPrimary MuiButton-sizeMedium MuiButton-containedSizeMedium MuiButton-colorPrimary css-1agp3zg-MuiButtonBase-root-MuiButton-root-MuiLoadingButton-root"
              id=":r0:"
              tabindex="0"
              type="submit"
            >
              Login
              <span
                class="MuiTouchRipple-root css-8je8zh-MuiTouchRipple-root"
              />
            </button>
          </div>
        </form>
      </div>
      <div
        class="col-md-6 login-form-2"
      >
        <h3>
          Registro
        </h3>
        <form>
          <div
            class="form-group mb-2"
          >
            <input
              autocomplete="username"
              class="form-control"
              name="registerName"
              placeholder="Nombre"
              type="text"
              value=""
            />
          </div>
          <div
            class="form-group mb-2"
          >
            <input
              autocomplete="email"
              class="form-control"
              name="registerEmail"
              placeholder="Correo"
              type="email"
              value=""
            />
          </div>
          <div
            class="form-group mb-2"
          >
            <input
              autocomplete="new-password"
              class="form-control"
              name="registerPassword"
              placeholder="Contraseña"
              type="password"
              value=""
            />
          </div>
          <div
            class="form-group mb-2"
          >
            <input
              autocomplete="new-password"
              class="form-control"
              name="registerPassword2"
              placeholder="Repita la contraseña"
              type="password"
              value=""
            />
          </div>
          <div
            class="d-grid gap-2"
          >
            <button
              class="MuiButtonBase-root MuiButton-root MuiLoadingButton-root MuiButton-contained MuiButton-containedInherit MuiButton-sizeMedium MuiButton-containedSizeMedium MuiButton-colorInherit MuiButton-root MuiLoadingButton-root MuiButton-contained MuiButton-containedInherit MuiButton-sizeMedium MuiButton-containedSizeMedium MuiButton-colorInherit css-mkie7h-MuiButtonBase-root-MuiButton-root-MuiLoadingButton-root"
              id=":r1:"
              tabindex="0"
              type="submit"
            >
              Crear cuenta
              <span
                class="MuiTouchRipple-root css-8je8zh-MuiTouchRipple-root"
              />
            </button>
          </div>
        </form>
      </div>
    </div>
  </div>
</div>
`;
